============================= test session starts =============================
platform win32 -- Python 3.12.10, pytest-8.4.2, pluggy-1.6.0 -- D:\GT_plan\.venv\Scripts\python.exe
cachedir: .pytest_cache
hypothesis profile 'default'
rootdir: D:\GT_plan\backend
configfile: pytest.ini
plugins: anyio-4.13.0, hypothesis-6.152.4, asyncio-1.3.0, cov-7.1.0
asyncio: mode=Mode.AUTO, debug=False, asyncio_default_fixture_loop_scope=None, asyncio_default_test_loop_scope=function
collecting ... collected 1 item

backend\tests\test_bug_condition_exploration.py::test_bug_condition_test_suite_health FAILED

================================== FAILURES ===================================
____________________ test_bug_condition_test_suite_health _____________________
backend\tests\test_bug_condition_exploration.py:31: in test_bug_condition_test_suite_health
    result = subprocess.run(
C:\Users\杨志\AppData\Local\Programs\Python\Python312\Lib\subprocess.py:550: in run
    stdout, stderr = process.communicate(input, timeout=timeout)
                     ^^^^^^^^^^^^^^^^^^^^^^^^^^^^^^^^^^^^^^^^^^^
C:\Users\杨志\AppData\Local\Programs\Python\Python312\Lib\subprocess.py:1209: in communicate
    stdout, stderr = self._communicate(input, endtime, timeout)
                     ^^^^^^^^^^^^^^^^^^^^^^^^^^^^^^^^^^^^^^^^^^
C:\Users\杨志\AppData\Local\Programs\Python\Python312\Lib\subprocess.py:1630: in _communicate
    raise TimeoutExpired(self.args, orig_timeout)
E   subprocess.TimeoutExpired: Command '['D:\\GT_plan\\.venv\\Scripts\\python.exe', '-m', 'pytest', 'backend/tests/', '--tb=no', '-q', '--ignore=backend/tests/test_bug_condition_exploration.py', '--ignore=backend/tests/test_preservation_property.py']' timed out after 300 seconds
=========================== short test summary info ===========================
FAILED backend\tests\test_bug_condition_exploration.py::test_bug_condition_test_suite_health
======================== 1 failed in 300.47s (0:05:00) ========================
